#
# There is insufficient memory for the Java Runtime Environment to continue.
# Native memory allocation (malloc) failed to allocate 360576 bytes. Error detail: Chunk::new
# Possible reasons:
#   The system is out of physical RAM or swap space
#   This process is running with CompressedOops enabled, and the Java Heap may be blocking the growth of the native heap
# Possible solutions:
#   Reduce memory load on the system
#   Increase physical memory or swap space
#   Check if swap backing store is full
#   Decrease Java heap size (-Xmx/-Xms)
#   Decrease number of Java threads
#   Decrease Java thread stack sizes (-Xss)
#   Set larger code cache with -XX:ReservedCodeCacheSize=
#   JVM is running with Unscaled Compressed Oops mode in which the Java heap is
#     placed in the first 4GB address space. The Java Heap base address is the
#     maximum limit for the native heap growth. Please use -XX:HeapBaseMinAddress
#     to set the Java Heap base and to place the Java Heap above 4GB virtual address.
# This output file may be truncated or incomplete.
#
#  Out of Memory Error (arena.cpp:168), pid=27672, tid=12196
#
# JRE version: OpenJDK Runtime Environment Temurin-21.0.9+10 (21.0.9+10) (build 21.0.9+10-LTS)
# Java VM: OpenJDK 64-Bit Server VM Temurin-21.0.9+10 (21.0.9+10-LTS, mixed mode, sharing, tiered, compressed oops, compressed class ptrs, parallel gc, windows-amd64)
# No core dump will be written. Minidumps are not enabled by default on client versions of Windows
#

---------------  S U M M A R Y ------------

Command Line: --add-modules=ALL-SYSTEM --add-opens=java.base/java.util=ALL-UNNAMED --add-opens=java.base/java.lang=ALL-UNNAMED --add-opens=java.base/sun.nio.fs=ALL-UNNAMED -Declipse.application=org.eclipse.jdt.ls.core.id1 -Dosgi.bundles.defaultStartLevel=4 -Declipse.product=org.eclipse.jdt.ls.core.product -Djava.import.generatesMetadataFilesAtProjectRoot=false -DDetectVMInstallationsJob.disabled=true -Dfile.encoding=utf8 -XX:+UseParallelGC -XX:GCTimeRatio=4 -XX:AdaptiveSizePolicyWeight=90 -Dsun.zip.disableMemoryMapping=true -Xmx2G -Xms100m -Xlog:disable -javaagent:c:\Users\USER\.antigravity\extensions\redhat.java-1.50.0-win32-x64\lombok\lombok-1.18.39-4050.jar c:\Users\USER\.antigravity\extensions\redhat.java-1.50.0-win32-x64\server\plugins\org.eclipse.equinox.launcher_1.7.100.v20251111-0406.jar -configuration c:\Users\USER\AppData\Roaming\Antigravity\User\globalStorage\redhat.java\1.50.0\config_ss_win -data c:\Users\USER\AppData\Roaming\Antigravity\User\workspaceStorage\75bc8b2ea4b8e00e7263c9750317cd44\redhat.java\ss_ws --pipe=\\.\pipe\lsp-91939ec16318f5bee7c464ad9d2f621b-sock

Host: Intel(R) Core(TM) i3-7020U CPU @ 2.30GHz, 4 cores, 11G,  Windows 10 , 64 bit Build 19041 (10.0.19041.5915)
Time: Wed Dec 24 14:27:27 2025 Afr. centrale Ouest elapsed time: 26.831647 seconds (0d 0h 0m 26s)

---------------  T H R E A D  ---------------

Current thread (0x00000273f5bd48e0):  JavaThread "C2 CompilerThread0" daemon [_thread_in_native, id=12196, stack(0x000000a55a200000,0x000000a55a300000) (1024K)]


Current CompileTask:
C2:26831 2858       4       sun.security.provider.SHA::implCompress0 (478 bytes)

Stack: [0x000000a55a200000,0x000000a55a300000]
Native frames: (J=compiled Java code, j=interpreted, Vv=VM code, C=native code)
V  [jvm.dll+0x6d6e29]
V  [jvm.dll+0x8b4b76]
V  [jvm.dll+0x8b712e]
V  [jvm.dll+0x8b7813]
V  [jvm.dll+0x283d86]
V  [jvm.dll+0xc66ed]
V  [jvm.dll+0xc6c31]
V  [jvm.dll+0x2facee]
V  [jvm.dll+0x5fde44]
V  [jvm.dll+0x255557]
V  [jvm.dll+0x25591d]
V  [jvm.dll+0x24df40]
V  [jvm.dll+0x24b482]
V  [jvm.dll+0x1cb13e]
V  [jvm.dll+0x25b29d]
V  [jvm.dll+0x25982a]
V  [jvm.dll+0x3f7ea6]
V  [jvm.dll+0x85e9ad]
V  [jvm.dll+0x6d565d]
C  [ucrtbase.dll+0x21bb2]
C  [KERNEL32.DLL+0x17374]
C  [ntdll.dll+0x4cc91]


---------------  P R O C E S S  ---------------

Threads class SMR info:
_java_thread_list=0x00000273fbbd2ad0, length=19, elements={
0x00000273dd2b2d80, 0x00000273f5bcada0, 0x00000273f5bcc3e0, 0x00000273f5bd1940,
0x00000273f5bd2610, 0x00000273f5bd3060, 0x00000273f5bd3ab0, 0x00000273f5bd48e0,
0x00000273f5c4b840, 0x00000273f6ad1ba0, 0x00000273f6b51900, 0x00000273f6d22430,
0x00000273f6b26000, 0x00000273fb379aa0, 0x00000273f6a224f0, 0x00000273fb1587d0,
0x00000273fb551150, 0x00000273fb931ef0, 0x00000273fb9304b0
}

Java Threads: ( => current thread )
  0x00000273dd2b2d80 JavaThread "main"                              [_thread_blocked, id=22624, stack(0x000000a559800000,0x000000a559900000) (1024K)]
  0x00000273f5bcada0 JavaThread "Reference Handler"          daemon [_thread_blocked, id=37372, stack(0x000000a559c00000,0x000000a559d00000) (1024K)]
  0x00000273f5bcc3e0 JavaThread "Finalizer"                  daemon [_thread_blocked, id=11352, stack(0x000000a559d00000,0x000000a559e00000) (1024K)]
  0x00000273f5bd1940 JavaThread "Signal Dispatcher"          daemon [_thread_blocked, id=34680, stack(0x000000a559e00000,0x000000a559f00000) (1024K)]
  0x00000273f5bd2610 JavaThread "Attach Listener"            daemon [_thread_blocked, id=2792, stack(0x000000a559f00000,0x000000a55a000000) (1024K)]
  0x00000273f5bd3060 JavaThread "Service Thread"             daemon [_thread_blocked, id=27348, stack(0x000000a55a000000,0x000000a55a100000) (1024K)]
  0x00000273f5bd3ab0 JavaThread "Monitor Deflation Thread"   daemon [_thread_blocked, id=35860, stack(0x000000a55a100000,0x000000a55a200000) (1024K)]
=>0x00000273f5bd48e0 JavaThread "C2 CompilerThread0"         daemon [_thread_in_native, id=12196, stack(0x000000a55a200000,0x000000a55a300000) (1024K)]
  0x00000273f5c4b840 JavaThread "C1 CompilerThread0"         daemon [_thread_blocked, id=32136, stack(0x000000a55a300000,0x000000a55a400000) (1024K)]
  0x00000273f6ad1ba0 JavaThread "Common-Cleaner"             daemon [_thread_blocked, id=9052, stack(0x000000a55a400000,0x000000a55a500000) (1024K)]
  0x00000273f6b51900 JavaThread "Notification Thread"        daemon [_thread_blocked, id=37268, stack(0x000000a55a500000,0x000000a55a600000) (1024K)]
  0x00000273f6d22430 JavaThread "Active Thread: Equinox Container: 655b467d-e806-4b78-966c-5fd8f92d49ec"        [_thread_blocked, id=23668, stack(0x000000a55a900000,0x000000a55aa00000) (1024K)]
  0x00000273f6b26000 JavaThread "Framework Event Dispatcher: Equinox Container: 655b467d-e806-4b78-966c-5fd8f92d49ec" daemon [_thread_blocked, id=36844, stack(0x000000a55aa00000,0x000000a55ab00000) (1024K)]
  0x00000273fb379aa0 JavaThread "Start Level: Equinox Container: 655b467d-e806-4b78-966c-5fd8f92d49ec" daemon [_thread_blocked, id=26240, stack(0x000000a55ab00000,0x000000a55ac00000) (1024K)]
  0x00000273f6a224f0 JavaThread "SCR Component Actor"        daemon [_thread_blocked, id=35364, stack(0x000000a55ac00000,0x000000a55ad00000) (1024K)]
  0x00000273fb1587d0 JavaThread "Worker-JM"                         [_thread_blocked, id=37472, stack(0x000000a55ad00000,0x000000a55ae00000) (1024K)]
  0x00000273fb551150 JavaThread "Worker-0"                          [_thread_blocked, id=24828, stack(0x000000a55ae00000,0x000000a55af00000) (1024K)]
  0x00000273fb931ef0 JavaThread "Worker-1"                          [_thread_blocked, id=39500, stack(0x000000a55af00000,0x000000a55b000000) (1024K)]
  0x00000273fb9304b0 JavaThread "SeedGenerator Thread"       daemon [_thread_new, id=18896, stack(0x0000000000000000,0x0000000000000000) (0B)]
Total: 19

Other Threads:
  0x00000273dd36f8e0 VMThread "VM Thread"                           [id=20992, stack(0x000000a559b00000,0x000000a559c00000) (1024K)]
  0x00000273dd31ab30 WatcherThread "VM Periodic Task Thread"        [id=29856, stack(0x000000a559a00000,0x000000a559b00000) (1024K)]
  0x00000273dd2cf4c0 WorkerThread "GC Thread#0"                     [id=24636, stack(0x000000a559900000,0x000000a559a00000) (1024K)]
  0x00000273fb01f800 WorkerThread "GC Thread#1"                     [id=25308, stack(0x000000a55a600000,0x000000a55a700000) (1024K)]
  0x00000273f6c684c0 WorkerThread "GC Thread#2"                     [id=34352, stack(0x000000a55a700000,0x000000a55a800000) (1024K)]
  0x00000273f6c91590 WorkerThread "GC Thread#3"                     [id=36784, stack(0x000000a55a800000,0x000000a55a900000) (1024K)]
Total: 6

Threads with active compile tasks:
C2 CompilerThread0  26880 2858       4       sun.security.provider.SHA::implCompress0 (478 bytes)
Total: 1

VM state: not at safepoint (normal execution)

VM Mutex/Monitor currently owned by a thread: None

Heap address: 0x0000000080000000, size: 2048 MB, Compressed Oops mode: 32-bit

CDS archive(s) mapped at: [0x0000027380000000-0x0000027380ba0000-0x0000027380ba0000), size 12189696, SharedBaseAddress: 0x0000027380000000, ArchiveRelocationMode: 1.
Compressed class space mapped at: 0x0000027381000000-0x00000273c1000000, reserved size: 1073741824
Narrow klass base: 0x0000027380000000, Narrow klass shift: 0, Narrow klass range: 0x100000000

GC Precious Log:
 CardTable entry size: 512
 CPUs: 4 total, 4 available
 Memory: 12204M
 Large Page Support: Disabled
 NUMA Support: Disabled
 Compressed Oops: Enabled (32-bit)
 Alignments: Space 512K, Generation 512K, Heap 2M
 Heap Min Capacity: 100M
 Heap Initial Capacity: 100M
 Heap Max Capacity: 2G
 Pre-touch: Disabled
 Parallel Workers: 4

Heap:
 PSYoungGen      total 30720K, used 6711K [0x00000000d5580000, 0x00000000d7900000, 0x0000000100000000)
  eden space 25088K, 26% used [0x00000000d5580000,0x00000000d5c0df58,0x00000000d6e00000)
  from space 5632K, 0% used [0x00000000d7380000,0x00000000d7380000,0x00000000d7900000)
  to   space 5632K, 0% used [0x00000000d6e00000,0x00000000d6e00000,0x00000000d7380000)
 ParOldGen       total 68608K, used 10111K [0x0000000080000000, 0x0000000084300000, 0x00000000d5580000)
  object space 68608K, 14% used [0x0000000080000000,0x00000000809dfe70,0x0000000084300000)
 Metaspace       used 21775K, committed 22464K, reserved 1114112K
  class space    used 2088K, committed 2368K, reserved 1048576K

Card table byte_map: [0x00000273f0fb0000,0x00000273f13c0000] _byte_map_base: 0x00000273f0bb0000

Marking Bits: (ParMarkBitMap*) 0x00007ffe3c402460
 Begin Bits: [0x00000273f1670000, 0x00000273f3670000)
 End Bits:   [0x00000273f3670000, 0x00000273f5670000)

Polling page: 0x00000273dd380000

Metaspace:

Usage:
  Non-class:     19.23 MB used.
      Class:      2.04 MB used.
       Both:     21.27 MB used.

Virtual space:
  Non-class space:       64.00 MB reserved,      19.62 MB ( 31%) committed,  1 nodes.
      Class space:        1.00 GB reserved,       2.31 MB ( <1%) committed,  1 nodes.
             Both:        1.06 GB reserved,      21.94 MB (  2%) committed. 

Chunk freelists:
   Non-Class:  12.09 MB
       Class:  13.53 MB
        Both:  25.62 MB

MaxMetaspaceSize: unlimited
CompressedClassSpaceSize: 1.00 GB
Initial GC threshold: 21.00 MB
Current GC threshold: 35.00 MB
CDS: on
 - commit_granule_bytes: 65536.
 - commit_granule_words: 8192.
 - virtual_space_node_default_size: 8388608.
 - enlarge_chunks_in_place: 1.
 - use_allocation_guard: 0.


Internal statistics:

num_allocs_failed_limit: 3.
num_arena_births: 494.
num_arena_deaths: 14.
num_vsnodes_births: 2.
num_vsnodes_deaths: 0.
num_space_committed: 351.
num_space_uncommitted: 0.
num_chunks_returned_to_freelist: 17.
num_chunks_taken_from_freelist: 1308.
num_chunk_merges: 9.
num_chunk_splits: 861.
num_chunks_enlarged: 541.
num_inconsistent_stats: 0.

CodeHeap 'non-profiled nmethods': size=120000Kb used=1316Kb max_used=1316Kb free=118683Kb
 bounds [0x00000273e9890000, 0x00000273e9b00000, 0x00000273f0dc0000]
CodeHeap 'profiled nmethods': size=120000Kb used=5778Kb max_used=5778Kb free=114221Kb
 bounds [0x00000273e1dc0000, 0x00000273e2370000, 0x00000273e92f0000]
CodeHeap 'non-nmethods': size=5760Kb used=1306Kb max_used=1374Kb free=4453Kb
 bounds [0x00000273e92f0000, 0x00000273e9560000, 0x00000273e9890000]
CodeCache: size=245760Kb, used=8400Kb, max_used=8468Kb, free=237357Kb
 total_blobs=3431, nmethods=2840, adapters=497, full_count=0
Compilation: enabled, stopped_count=0, restarted_count=0

Compilation events (20 events):
Event: 26.750 Thread 0x00000273f5bd48e0 nmethod 2851 0x00000273e99d7d10 code [0x00000273e99d7ea0, 0x00000273e99d7f30]
Event: 26.750 Thread 0x00000273f5bd48e0 2852       4       jdk.internal.misc.Unsafe::getLong (7 bytes)
Event: 26.751 Thread 0x00000273f5bd48e0 nmethod 2852 0x00000273e99d8010 code [0x00000273e99d81a0, 0x00000273e99d8230]
Event: 26.751 Thread 0x00000273f5c4b840 2853   !   3       sun.nio.fs.WindowsDirectoryStream$WindowsDirectoryIterator::readNextEntry (192 bytes)
Event: 26.752 Thread 0x00000273f5c4b840 nmethod 2853 0x00000273e2360210 code [0x00000273e23604e0, 0x00000273e23610c8]
Event: 26.753 Thread 0x00000273f5c4b840 2854   !   3       sun.nio.fs.WindowsPath::createFromNormalizedPath (65 bytes)
Event: 26.753 Thread 0x00000273f5c4b840 nmethod 2854 0x00000273e2361790 code [0x00000273e23619c0, 0x00000273e2362030]
Event: 26.755 Thread 0x00000273f5bd48e0 2855 %     4       sun.security.provider.SHA::implCompress0 @ 27 (478 bytes)
Event: 26.756 Thread 0x00000273f5c4b840 2856       3       sun.nio.fs.WindowsFileAttributes::fromFindData (127 bytes)
Event: 26.756 Thread 0x00000273f5c4b840 nmethod 2856 0x00000273e2362390 code [0x00000273e23625a0, 0x00000273e2362bc0]
Event: 26.770 Thread 0x00000273f5c4b840 2857   !   3       sun.nio.fs.WindowsDirectoryStream$WindowsDirectoryIterator::acceptEntry (71 bytes)
Event: 26.771 Thread 0x00000273f5c4b840 nmethod 2857 0x00000273e2362e90 code [0x00000273e23630e0, 0x00000273e2363870]
Event: 26.788 Thread 0x00000273f5bd48e0 nmethod 2855% 0x00000273e99d8310 code [0x00000273e99d84c0, 0x00000273e99d8d58]
Event: 26.790 Thread 0x00000273f5bd48e0 2858       4       sun.security.provider.SHA::implCompress0 (478 bytes)
Event: 26.791 Thread 0x00000273f5c4b840 2859       3       java.util.concurrent.atomic.AtomicLong::compareAndSet (13 bytes)
Event: 26.791 Thread 0x00000273f5c4b840 nmethod 2859 0x00000273e2363c90 code [0x00000273e2363e20, 0x00000273e2363f48]
Event: 26.791 Thread 0x00000273f5c4b840 2860       3       java.util.Random::next (47 bytes)
Event: 26.792 Thread 0x00000273f5c4b840 nmethod 2860 0x00000273e2364010 code [0x00000273e23641c0, 0x00000273e2364428]
Event: 26.792 Thread 0x00000273f5c4b840 2861       3       java.util.Random::nextBoolean (14 bytes)
Event: 26.792 Thread 0x00000273f5c4b840 nmethod 2861 0x00000273e2364590 code [0x00000273e2364740, 0x00000273e2364968]

GC Heap History (14 events):
Event: 5.824 GC heap before
{Heap before GC invocations=1 (full 0):
 PSYoungGen      total 29696K, used 25600K [0x00000000d5580000, 0x00000000d7680000, 0x0000000100000000)
  eden space 25600K, 100% used [0x00000000d5580000,0x00000000d6e80000,0x00000000d6e80000)
  from space 4096K, 0% used [0x00000000d7280000,0x00000000d7280000,0x00000000d7680000)
  to   space 4096K, 0% used [0x00000000d6e80000,0x00000000d6e80000,0x00000000d7280000)
 ParOldGen       total 68608K, used 0K [0x0000000080000000, 0x0000000084300000, 0x00000000d5580000)
  object space 68608K, 0% used [0x0000000080000000,0x0000000080000000,0x0000000084300000)
 Metaspace       used 4370K, committed 4608K, reserved 1114112K
  class space    used 474K, committed 576K, reserved 1048576K
}
Event: 5.926 GC heap after
{Heap after GC invocations=1 (full 0):
 PSYoungGen      total 29696K, used 3280K [0x00000000d5580000, 0x00000000d7680000, 0x0000000100000000)
  eden space 25600K, 0% used [0x00000000d5580000,0x00000000d5580000,0x00000000d6e80000)
  from space 4096K, 80% used [0x00000000d6e80000,0x00000000d71b4148,0x00000000d7280000)
  to   space 4096K, 0% used [0x00000000d7280000,0x00000000d7280000,0x00000000d7680000)
 ParOldGen       total 68608K, used 0K [0x0000000080000000, 0x0000000084300000, 0x00000000d5580000)
  object space 68608K, 0% used [0x0000000080000000,0x0000000080000000,0x0000000084300000)
 Metaspace       used 4370K, committed 4608K, reserved 1114112K
  class space    used 474K, committed 576K, reserved 1048576K
}
Event: 11.349 GC heap before
{Heap before GC invocations=2 (full 0):
 PSYoungGen      total 29696K, used 28879K [0x00000000d5580000, 0x00000000d7680000, 0x0000000100000000)
  eden space 25600K, 99% used [0x00000000d5580000,0x00000000d6e7feb0,0x00000000d6e80000)
  from space 4096K, 80% used [0x00000000d6e80000,0x00000000d71b4148,0x00000000d7280000)
  to   space 4096K, 0% used [0x00000000d7280000,0x00000000d7280000,0x00000000d7680000)
 ParOldGen       total 68608K, used 0K [0x0000000080000000, 0x0000000084300000, 0x00000000d5580000)
  object space 68608K, 0% used [0x0000000080000000,0x0000000080000000,0x0000000084300000)
 Metaspace       used 8297K, committed 8576K, reserved 1114112K
  class space    used 882K, committed 1024K, reserved 1048576K
}
Event: 11.359 GC heap after
{Heap after GC invocations=2 (full 0):
 PSYoungGen      total 29696K, used 4091K [0x00000000d5580000, 0x00000000d7680000, 0x0000000100000000)
  eden space 25600K, 0% used [0x00000000d5580000,0x00000000d5580000,0x00000000d6e80000)
  from space 4096K, 99% used [0x00000000d7280000,0x00000000d767efe8,0x00000000d7680000)
  to   space 4096K, 0% used [0x00000000d6e80000,0x00000000d6e80000,0x00000000d7280000)
 ParOldGen       total 68608K, used 921K [0x0000000080000000, 0x0000000084300000, 0x00000000d5580000)
  object space 68608K, 1% used [0x0000000080000000,0x00000000800e6688,0x0000000084300000)
 Metaspace       used 8297K, committed 8576K, reserved 1114112K
  class space    used 882K, committed 1024K, reserved 1048576K
}
Event: 14.362 GC heap before
{Heap before GC invocations=3 (full 0):
 PSYoungGen      total 29696K, used 29691K [0x00000000d5580000, 0x00000000d7680000, 0x0000000100000000)
  eden space 25600K, 100% used [0x00000000d5580000,0x00000000d6e80000,0x00000000d6e80000)
  from space 4096K, 99% used [0x00000000d7280000,0x00000000d767efe8,0x00000000d7680000)
  to   space 4096K, 0% used [0x00000000d6e80000,0x00000000d6e80000,0x00000000d7280000)
 ParOldGen       total 68608K, used 921K [0x0000000080000000, 0x0000000084300000, 0x00000000d5580000)
  object space 68608K, 1% used [0x0000000080000000,0x00000000800e6688,0x0000000084300000)
 Metaspace       used 13084K, committed 13696K, reserved 1114112K
  class space    used 1383K, committed 1664K, reserved 1048576K
}
Event: 14.376 GC heap after
{Heap after GC invocations=3 (full 0):
 PSYoungGen      total 29696K, used 4086K [0x00000000d5580000, 0x00000000d7680000, 0x0000000100000000)
  eden space 25600K, 0% used [0x00000000d5580000,0x00000000d5580000,0x00000000d6e80000)
  from space 4096K, 99% used [0x00000000d6e80000,0x00000000d727daa0,0x00000000d7280000)
  to   space 4096K, 0% used [0x00000000d7280000,0x00000000d7280000,0x00000000d7680000)
 ParOldGen       total 68608K, used 2785K [0x0000000080000000, 0x0000000084300000, 0x00000000d5580000)
  object space 68608K, 4% used [0x0000000080000000,0x00000000802b86f8,0x0000000084300000)
 Metaspace       used 13084K, committed 13696K, reserved 1114112K
  class space    used 1383K, committed 1664K, reserved 1048576K
}
Event: 16.933 GC heap before
{Heap before GC invocations=4 (full 0):
 PSYoungGen      total 29696K, used 29686K [0x00000000d5580000, 0x00000000d7680000, 0x0000000100000000)
  eden space 25600K, 100% used [0x00000000d5580000,0x00000000d6e80000,0x00000000d6e80000)
  from space 4096K, 99% used [0x00000000d6e80000,0x00000000d727daa0,0x00000000d7280000)
  to   space 4096K, 0% used [0x00000000d7280000,0x00000000d7280000,0x00000000d7680000)
 ParOldGen       total 68608K, used 2785K [0x0000000080000000, 0x0000000084300000, 0x00000000d5580000)
  object space 68608K, 4% used [0x0000000080000000,0x00000000802b86f8,0x0000000084300000)
 Metaspace       used 15970K, committed 16576K, reserved 1114112K
  class space    used 1659K, committed 1920K, reserved 1048576K
}
Event: 16.946 GC heap after
{Heap after GC invocations=4 (full 0):
 PSYoungGen      total 29696K, used 4071K [0x00000000d5580000, 0x00000000d7680000, 0x0000000100000000)
  eden space 25600K, 0% used [0x00000000d5580000,0x00000000d5580000,0x00000000d6e80000)
  from space 4096K, 99% used [0x00000000d7280000,0x00000000d7679e18,0x00000000d7680000)
  to   space 4096K, 0% used [0x00000000d6e80000,0x00000000d6e80000,0x00000000d7280000)
 ParOldGen       total 68608K, used 5603K [0x0000000080000000, 0x0000000084300000, 0x00000000d5580000)
  object space 68608K, 8% used [0x0000000080000000,0x0000000080578c60,0x0000000084300000)
 Metaspace       used 15970K, committed 16576K, reserved 1114112K
  class space    used 1659K, committed 1920K, reserved 1048576K
}
Event: 18.532 GC heap before
{Heap before GC invocations=5 (full 0):
 PSYoungGen      total 29696K, used 29094K [0x00000000d5580000, 0x00000000d7680000, 0x0000000100000000)
  eden space 25600K, 97% used [0x00000000d5580000,0x00000000d6defd78,0x00000000d6e80000)
  from space 4096K, 99% used [0x00000000d7280000,0x00000000d7679e18,0x00000000d7680000)
  to   space 4096K, 0% used [0x00000000d6e80000,0x00000000d6e80000,0x00000000d7280000)
 ParOldGen       total 68608K, used 5603K [0x0000000080000000, 0x0000000084300000, 0x00000000d5580000)
  object space 68608K, 8% used [0x0000000080000000,0x0000000080578c60,0x0000000084300000)
 Metaspace       used 20142K, committed 20800K, reserved 1114112K
  class space    used 1967K, committed 2240K, reserved 1048576K
}
Event: 18.539 GC heap after
{Heap after GC invocations=5 (full 0):
 PSYoungGen      total 29184K, used 4081K [0x00000000d5580000, 0x00000000d7900000, 0x0000000100000000)
  eden space 25088K, 0% used [0x00000000d5580000,0x00000000d5580000,0x00000000d6e00000)
  from space 4096K, 99% used [0x00000000d6e80000,0x00000000d727c630,0x00000000d7280000)
  to   space 5632K, 0% used [0x00000000d7380000,0x00000000d7380000,0x00000000d7900000)
 ParOldGen       total 68608K, used 6142K [0x0000000080000000, 0x0000000084300000, 0x00000000d5580000)
  object space 68608K, 8% used [0x0000000080000000,0x00000000805ffa00,0x0000000084300000)
 Metaspace       used 20142K, committed 20800K, reserved 1114112K
  class space    used 1967K, committed 2240K, reserved 1048576K
}
Event: 20.557 GC heap before
{Heap before GC invocations=6 (full 0):
 PSYoungGen      total 29184K, used 23250K [0x00000000d5580000, 0x00000000d7900000, 0x0000000100000000)
  eden space 25088K, 76% used [0x00000000d5580000,0x00000000d6838410,0x00000000d6e00000)
  from space 4096K, 99% used [0x00000000d6e80000,0x00000000d727c630,0x00000000d7280000)
  to   space 5632K, 0% used [0x00000000d7380000,0x00000000d7380000,0x00000000d7900000)
 ParOldGen       total 68608K, used 6142K [0x0000000080000000, 0x0000000084300000, 0x00000000d5580000)
  object space 68608K, 8% used [0x0000000080000000,0x00000000805ffa00,0x0000000084300000)
 Metaspace       used 20876K, committed 21504K, reserved 1114112K
  class space    used 2005K, committed 2240K, reserved 1048576K
}
Event: 20.565 GC heap after
{Heap after GC invocations=6 (full 0):
 PSYoungGen      total 30720K, used 5372K [0x00000000d5580000, 0x00000000d7900000, 0x0000000100000000)
  eden space 25088K, 0% used [0x00000000d5580000,0x00000000d5580000,0x00000000d6e00000)
  from space 5632K, 95% used [0x00000000d7380000,0x00000000d78bf348,0x00000000d7900000)
  to   space 5632K, 0% used [0x00000000d6e00000,0x00000000d6e00000,0x00000000d7380000)
 ParOldGen       total 68608K, used 6931K [0x0000000080000000, 0x0000000084300000, 0x00000000d5580000)
  object space 68608K, 10% used [0x0000000080000000,0x00000000806c4f10,0x0000000084300000)
 Metaspace       used 20876K, committed 21504K, reserved 1114112K
  class space    used 2005K, committed 2240K, reserved 1048576K
}
Event: 20.565 GC heap before
{Heap before GC invocations=7 (full 1):
 PSYoungGen      total 30720K, used 5372K [0x00000000d5580000, 0x00000000d7900000, 0x0000000100000000)
  eden space 25088K, 0% used [0x00000000d5580000,0x00000000d5580000,0x00000000d6e00000)
  from space 5632K, 95% used [0x00000000d7380000,0x00000000d78bf348,0x00000000d7900000)
  to   space 5632K, 0% used [0x00000000d6e00000,0x00000000d6e00000,0x00000000d7380000)
 ParOldGen       total 68608K, used 6931K [0x0000000080000000, 0x0000000084300000, 0x00000000d5580000)
  object space 68608K, 10% used [0x0000000080000000,0x00000000806c4f10,0x0000000084300000)
 Metaspace       used 20876K, committed 21504K, reserved 1114112K
  class space    used 2005K, committed 2240K, reserved 1048576K
}
Event: 20.739 GC heap after
{Heap after GC invocations=7 (full 1):
 PSYoungGen      total 30720K, used 0K [0x00000000d5580000, 0x00000000d7900000, 0x0000000100000000)
  eden space 25088K, 0% used [0x00000000d5580000,0x00000000d5580000,0x00000000d6e00000)
  from space 5632K, 0% used [0x00000000d7380000,0x00000000d7380000,0x00000000d7900000)
  to   space 5632K, 0% used [0x00000000d6e00000,0x00000000d6e00000,0x00000000d7380000)
 ParOldGen       total 68608K, used 10111K [0x0000000080000000, 0x0000000084300000, 0x00000000d5580000)
  object space 68608K, 14% used [0x0000000080000000,0x00000000809dfe70,0x0000000084300000)
 Metaspace       used 20863K, committed 21504K, reserved 1114112K
  class space    used 2002K, committed 2240K, reserved 1048576K
}

Dll operation events (9 events):
Event: 0.344 Loaded shared library c:\Users\USER\.antigravity\extensions\redhat.java-1.50.0-win32-x64\jre\21.0.9-win32-x86_64\bin\java.dll
Event: 1.006 Loaded shared library c:\Users\USER\.antigravity\extensions\redhat.java-1.50.0-win32-x64\jre\21.0.9-win32-x86_64\bin\zip.dll
Event: 1.124 Loaded shared library C:\Users\USER\.antigravity\extensions\redhat.java-1.50.0-win32-x64\jre\21.0.9-win32-x86_64\bin\instrument.dll
Event: 1.134 Loaded shared library C:\Users\USER\.antigravity\extensions\redhat.java-1.50.0-win32-x64\jre\21.0.9-win32-x86_64\bin\net.dll
Event: 1.140 Loaded shared library C:\Users\USER\.antigravity\extensions\redhat.java-1.50.0-win32-x64\jre\21.0.9-win32-x86_64\bin\nio.dll
Event: 1.162 Loaded shared library C:\Users\USER\.antigravity\extensions\redhat.java-1.50.0-win32-x64\jre\21.0.9-win32-x86_64\bin\zip.dll
Event: 1.265 Loaded shared library C:\Users\USER\.antigravity\extensions\redhat.java-1.50.0-win32-x64\jre\21.0.9-win32-x86_64\bin\jimage.dll
Event: 1.813 Loaded shared library c:\Users\USER\.antigravity\extensions\redhat.java-1.50.0-win32-x64\jre\21.0.9-win32-x86_64\bin\verify.dll
Event: 10.808 Loaded shared library C:\Users\USER\AppData\Roaming\Antigravity\User\globalStorage\redhat.java\1.50.0\config_ss_win\org.eclipse.equinox.launcher\org.eclipse.equinox.launcher.win32.win32.x86_64_1.2.1400.v20250801-0854\eclipse_11916.dll

Deoptimization events (20 events):
Event: 21.497 Thread 0x00000273fb379aa0 Uncommon trap: trap_request=0xffffffc6 fr.pc=0x00000273e9949b18 relative=0x0000000000000a18
Event: 21.497 Thread 0x00000273fb379aa0 Uncommon trap: reason=bimorphic_or_optimized_type_check action=maybe_recompile pc=0x00000273e9949b18 method=java.util.HashMap.putVal(ILjava/lang/Object;Ljava/lang/Object;ZZ)Ljava/lang/Object; @ 56 c2
Event: 21.497 Thread 0x00000273fb379aa0 DEOPT PACKING pc=0x00000273e9949b18 sp=0x000000a55abfe0a0
Event: 21.497 Thread 0x00000273fb379aa0 DEOPT UNPACKING pc=0x00000273e9343aa2 sp=0x000000a55abfdfa0 mode 2
Event: 21.497 Thread 0x00000273fb379aa0 Uncommon trap: trap_request=0xffffffc6 fr.pc=0x00000273e9949b18 relative=0x0000000000000a18
Event: 21.497 Thread 0x00000273fb379aa0 Uncommon trap: reason=bimorphic_or_optimized_type_check action=maybe_recompile pc=0x00000273e9949b18 method=java.util.HashMap.putVal(ILjava/lang/Object;Ljava/lang/Object;ZZ)Ljava/lang/Object; @ 56 c2
Event: 21.497 Thread 0x00000273fb379aa0 DEOPT PACKING pc=0x00000273e9949b18 sp=0x000000a55abfe0a0
Event: 21.497 Thread 0x00000273fb379aa0 DEOPT UNPACKING pc=0x00000273e9343aa2 sp=0x000000a55abfdfa0 mode 2
Event: 21.497 Thread 0x00000273fb379aa0 Uncommon trap: trap_request=0xffffffc6 fr.pc=0x00000273e9949b18 relative=0x0000000000000a18
Event: 21.497 Thread 0x00000273fb379aa0 Uncommon trap: reason=bimorphic_or_optimized_type_check action=maybe_recompile pc=0x00000273e9949b18 method=java.util.HashMap.putVal(ILjava/lang/Object;Ljava/lang/Object;ZZ)Ljava/lang/Object; @ 56 c2
Event: 21.497 Thread 0x00000273fb379aa0 DEOPT PACKING pc=0x00000273e9949b18 sp=0x000000a55abfe0a0
Event: 21.497 Thread 0x00000273fb379aa0 DEOPT UNPACKING pc=0x00000273e9343aa2 sp=0x000000a55abfdfa0 mode 2
Event: 21.806 Thread 0x00000273fb379aa0 Uncommon trap: trap_request=0xffffff45 fr.pc=0x00000273e999f2d8 relative=0x0000000000000a58
Event: 21.806 Thread 0x00000273fb379aa0 Uncommon trap: reason=unstable_if action=reinterpret pc=0x00000273e999f2d8 method=java.util.regex.Pattern$BmpCharPropertyGreedy.match(Ljava/util/regex/Matcher;ILjava/lang/CharSequence;)Z @ 12 c2
Event: 21.806 Thread 0x00000273fb379aa0 DEOPT PACKING pc=0x00000273e999f2d8 sp=0x000000a55abfdc50
Event: 21.806 Thread 0x00000273fb379aa0 DEOPT UNPACKING pc=0x00000273e9343aa2 sp=0x000000a55abfdb18 mode 2
Event: 26.790 Thread 0x00000273fb379aa0 DEOPT PACKING pc=0x00000273e2350839 sp=0x000000a55abfd300
Event: 26.790 Thread 0x00000273fb379aa0 DEOPT UNPACKING pc=0x00000273e9344242 sp=0x000000a55abfc798 mode 0
Event: 26.794 Thread 0x00000273fb379aa0 DEOPT PACKING pc=0x00000273e2350839 sp=0x000000a55abfd300
Event: 26.794 Thread 0x00000273fb379aa0 DEOPT UNPACKING pc=0x00000273e9344242 sp=0x000000a55abfc798 mode 0

Classes loaded (20 events):
Event: 26.575 Loading class sun/security/provider/SeedGenerator$ThreadedSeedGenerator$1
Event: 26.575 Loading class sun/security/provider/SeedGenerator$ThreadedSeedGenerator$1 done
Event: 26.576 Loading class sun/security/provider/SeedGenerator$1
Event: 26.576 Loading class sun/security/provider/SeedGenerator$1 done
Event: 26.643 Loading class java/net/NetworkInterface$1
Event: 26.643 Loading class java/net/NetworkInterface$1 done
Event: 26.645 Loading class java/nio/file/Files$AcceptAllFilter
Event: 26.646 Loading class java/nio/file/DirectoryStream$Filter
Event: 26.646 Loading class java/nio/file/DirectoryStream$Filter done
Event: 26.646 Loading class java/nio/file/Files$AcceptAllFilter done
Event: 26.646 Loading class sun/nio/fs/WindowsDirectoryStream
Event: 26.647 Loading class java/nio/file/DirectoryStream
Event: 26.647 Loading class java/nio/file/DirectoryStream done
Event: 26.647 Loading class sun/nio/fs/WindowsDirectoryStream done
Event: 26.647 Loading class sun/nio/fs/WindowsDirectoryStream$WindowsDirectoryIterator
Event: 26.647 Loading class sun/nio/fs/WindowsDirectoryStream$WindowsDirectoryIterator done
Event: 26.648 Loading class sun/nio/fs/WindowsPath$WindowsPathWithAttributes
Event: 26.648 Loading class sun/nio/fs/BasicFileAttributesHolder
Event: 26.648 Loading class sun/nio/fs/BasicFileAttributesHolder done
Event: 26.648 Loading class sun/nio/fs/WindowsPath$WindowsPathWithAttributes done

Classes unloaded (7 events):
Event: 20.693 Thread 0x00000273dd36f8e0 Unloading class 0x0000027381194c00 'java/lang/invoke/LambdaForm$MH+0x0000027381194c00'
Event: 20.693 Thread 0x00000273dd36f8e0 Unloading class 0x0000027381194800 'java/lang/invoke/LambdaForm$MH+0x0000027381194800'
Event: 20.693 Thread 0x00000273dd36f8e0 Unloading class 0x0000027381194400 'java/lang/invoke/LambdaForm$MH+0x0000027381194400'
Event: 20.693 Thread 0x00000273dd36f8e0 Unloading class 0x0000027381194000 'java/lang/invoke/LambdaForm$MH+0x0000027381194000'
Event: 20.693 Thread 0x00000273dd36f8e0 Unloading class 0x0000027381193c00 'java/lang/invoke/LambdaForm$BMH+0x0000027381193c00'
Event: 20.693 Thread 0x00000273dd36f8e0 Unloading class 0x0000027381193800 'java/lang/invoke/LambdaForm$DMH+0x0000027381193800'
Event: 20.693 Thread 0x00000273dd36f8e0 Unloading class 0x0000027381192400 'java/lang/invoke/LambdaForm$DMH+0x0000027381192400'

Classes redefined (0 events):
No events

Internal exceptions (20 events):
Event: 15.474 Thread 0x00000273fb379aa0 Exception <a 'java/lang/NoSuchMethodError'{0x00000000d5d3c530}: 'java.lang.Object java.lang.invoke.DirectMethodHandle$Holder.newInvokeSpecial(java.lang.Object, java.lang.Object, java.lang.Object, long)'> (0x00000000d5d3c530) 
thrown [s\src\hotspot\share\interpreter\linkResolver.cpp, line 773]
Event: 15.475 Thread 0x00000273fb379aa0 Exception <a 'java/lang/NoSuchMethodError'{0x00000000d5d408e0}: 'java.lang.Object java.lang.invoke.DirectMethodHandle$Holder.invokeSpecial(java.lang.Object, java.lang.Object, java.lang.Object, java.lang.Object, long)'> (0x00000000d5d408e0) 
thrown [s\src\hotspot\share\interpreter\linkResolver.cpp, line 773]
Event: 15.475 Thread 0x00000273fb379aa0 Exception <a 'java/lang/NoSuchMethodError'{0x00000000d5d44500}: 'java.lang.Object java.lang.invoke.Invokers$Holder.linkToTargetMethod(java.lang.Object, java.lang.Object, long, java.lang.Object)'> (0x00000000d5d44500) 
thrown [s\src\hotspot\share\interpreter\linkResolver.cpp, line 773]
Event: 15.509 Thread 0x00000273fb379aa0 Exception <a 'java/lang/NoSuchMethodError'{0x00000000d5d9c7b0}: 'int java.lang.invoke.DirectMethodHandle$Holder.invokeStaticInit(java.lang.Object, java.lang.Object, java.lang.Object)'> (0x00000000d5d9c7b0) 
thrown [s\src\hotspot\share\interpreter\linkResolver.cpp, line 773]
Event: 15.621 Thread 0x00000273fb379aa0 Exception <a 'java/lang/IncompatibleClassChangeError'{0x00000000d5e4cde0}: Found class java.lang.Object, but interface was expected> (0x00000000d5e4cde0) 
thrown [s\src\hotspot\share\interpreter\linkResolver.cpp, line 840]
Event: 15.622 Thread 0x00000273fb379aa0 Exception <a 'java/lang/NoSuchMethodError'{0x00000000d5e50990}: 'java.lang.Object java.lang.invoke.DirectMethodHandle$Holder.invokeSpecial(java.lang.Object, java.lang.Object, java.lang.Object, int, java.lang.Object, java.lang.Object)'> (0x00000000d5e50990) 
thrown [s\src\hotspot\share\interpreter\linkResolver.cpp, line 773]
Event: 15.623 Thread 0x00000273fb379aa0 Exception <a 'java/lang/NoSuchMethodError'{0x00000000d5e58468}: 'java.lang.Object java.lang.invoke.DirectMethodHandle$Holder.newInvokeSpecial(java.lang.Object, java.lang.Object, java.lang.Object, int, java.lang.Object)'> (0x00000000d5e58468) 
thrown [s\src\hotspot\share\interpreter\linkResolver.cpp, line 773]
Event: 15.625 Thread 0x00000273fb379aa0 Exception <a 'java/lang/NoSuchMethodError'{0x00000000d5e5c3e8}: 'java.lang.Object java.lang.invoke.DirectMethodHandle$Holder.invokeSpecial(java.lang.Object, java.lang.Object, java.lang.Object, java.lang.Object, int, java.lang.Object)'> (0x00000000d5e5c3e8) 
thrown [s\src\hotspot\share\interpreter\linkResolver.cpp, line 773]
Event: 15.625 Thread 0x00000273fb379aa0 Exception <a 'java/lang/NoSuchMethodError'{0x00000000d5e5ff28}: 'java.lang.Object java.lang.invoke.Invokers$Holder.linkToTargetMethod(java.lang.Object, java.lang.Object, int, java.lang.Object, java.lang.Object)'> (0x00000000d5e5ff28) 
thrown [s\src\hotspot\share\interpreter\linkResolver.cpp, line 773]
Event: 15.626 Thread 0x00000273fb551150 Exception <a 'java/lang/NoSuchMethodError'{0x00000000d5db8ec8}: 'java.lang.Object java.lang.invoke.DirectMethodHandle$Holder.invokeSpecial(java.lang.Object, java.lang.Object, int, java.lang.Object, java.lang.Object)'> (0x00000000d5db8ec8) 
thrown [s\src\hotspot\share\interpreter\linkResolver.cpp, line 773]
Event: 15.628 Thread 0x00000273fb551150 Exception <a 'java/lang/NoSuchMethodError'{0x00000000d5dbfc00}: 'java.lang.Object java.lang.invoke.DirectMethodHandle$Holder.newInvokeSpecial(java.lang.Object, java.lang.Object, int, java.lang.Object)'> (0x00000000d5dbfc00) 
thrown [s\src\hotspot\share\interpreter\linkResolver.cpp, line 773]
Event: 15.628 Thread 0x00000273fb551150 Exception <a 'java/lang/NoSuchMethodError'{0x00000000d5dc34e0}: 'java.lang.Object java.lang.invoke.DirectMethodHandle$Holder.invokeSpecial(java.lang.Object, java.lang.Object, java.lang.Object, int, java.lang.Object)'> (0x00000000d5dc34e0) 
thrown [s\src\hotspot\share\interpreter\linkResolver.cpp, line 773]
Event: 15.791 Thread 0x00000273fb379aa0 Exception <a 'java/lang/NoSuchMethodError'{0x00000000d5fb2240}: 'void java.lang.invoke.DirectMethodHandle$Holder.invokeSpecial(java.lang.Object, java.lang.Object, java.lang.Object, java.lang.Object, java.lang.Object)'> (0x00000000d5fb2240) 
thrown [s\src\hotspot\share\interpreter\linkResolver.cpp, line 773]
Event: 16.041 Thread 0x00000273fb379aa0 Exception <a 'java/lang/NoSuchMethodError'{0x00000000d61b62b0}: 'double java.lang.invoke.DirectMethodHandle$Holder.invokeStatic(java.lang.Object, java.lang.Object)'> (0x00000000d61b62b0) 
thrown [s\src\hotspot\share\interpreter\linkResolver.cpp, line 773]
Event: 16.042 Thread 0x00000273fb379aa0 Exception <a 'java/lang/NoSuchMethodError'{0x00000000d61b9970}: 'double java.lang.invoke.DirectMethodHandle$Holder.invokeStaticInit(java.lang.Object, java.lang.Object)'> (0x00000000d61b9970) 
thrown [s\src\hotspot\share\interpreter\linkResolver.cpp, line 773]
Event: 17.996 Thread 0x00000273fb379aa0 Implicit null exception at 0x00000273e99a7775 to 0x00000273e99a7868
Event: 21.128 Thread 0x00000273fb379aa0 Exception <a 'java/lang/NoSuchMethodError'{0x00000000d56aecf8}: 'java.lang.Object java.lang.invoke.DirectMethodHandle$Holder.newInvokeSpecial(java.lang.Object, int, java.lang.Object, java.lang.Object)'> (0x00000000d56aecf8) 
thrown [s\src\hotspot\share\interpreter\linkResolver.cpp, line 773]
Event: 21.516 Thread 0x00000273fb379aa0 Exception <a 'sun/nio/fs/WindowsException'{0x00000000d58c9100}> (0x00000000d58c9100) 
thrown [s\src\hotspot\share\prims\jni.cpp, line 520]
Event: 26.197 Thread 0x00000273fb379aa0 Exception <a 'java/lang/NoSuchMethodError'{0x00000000d5a958e0}: 'java.lang.Object java.lang.invoke.DirectMethodHandle$Holder.invokeStaticInit(java.lang.Object, int, int, int, int)'> (0x00000000d5a958e0) 
thrown [s\src\hotspot\share\interpreter\linkResolver.cpp, line 773]
Event: 26.795 Thread 0x00000273fb379aa0 Exception <a 'java/lang/NoSuchMethodError'{0x00000000d5bd30e0}: 'java.lang.Object java.lang.invoke.DirectMethodHandle$Holder.invokeStaticInit(java.lang.Object, java.lang.Object, int, int, int, int)'> (0x00000000d5bd30e0) 
thrown [s\src\hotspot\share\interpreter\linkResolver.cpp, line 773]

ZGC Phase Switch (0 events):
No events

VM Operations (20 events):
Event: 15.873 Executing VM operation: Cleanup
Event: 15.873 Executing VM operation: Cleanup done
Event: 16.886 Executing VM operation: Cleanup
Event: 16.911 Executing VM operation: Cleanup done
Event: 16.933 Executing VM operation: ParallelGCFailedAllocation (Allocation Failure)
Event: 16.946 Executing VM operation: ParallelGCFailedAllocation (Allocation Failure) done
Event: 17.946 Executing VM operation: Cleanup
Event: 17.957 Executing VM operation: Cleanup done
Event: 18.532 Executing VM operation: ParallelGCFailedAllocation (Allocation Failure)
Event: 18.539 Executing VM operation: ParallelGCFailedAllocation (Allocation Failure) done
Event: 19.553 Executing VM operation: Cleanup
Event: 19.553 Executing VM operation: Cleanup done
Event: 19.977 Executing VM operation: CollectForMetadataAllocation (Metadata GC Threshold)
Event: 20.739 Executing VM operation: CollectForMetadataAllocation (Metadata GC Threshold) done
Event: 21.496 Executing VM operation: HandshakeAllThreads (Deoptimize)
Event: 21.496 Executing VM operation: HandshakeAllThreads (Deoptimize) done
Event: 22.508 Executing VM operation: Cleanup
Event: 22.508 Executing VM operation: Cleanup done
Event: 26.552 Executing VM operation: Cleanup
Event: 26.552 Executing VM operation: Cleanup done

Memory protections (0 events):
No events

Nmethod flushes (0 events):
No events

Events (20 events):
Event: 4.304 Thread 0x00000273f5c4b840 Thread added: 0x00000273fb197070
Event: 4.925 Thread 0x00000273fb197070 Thread exited: 0x00000273fb197070
Event: 6.845 Thread 0x00000273f5c4b840 Thread added: 0x00000273fb4cf430
Event: 7.122 Thread 0x00000273fb4cf430 Thread exited: 0x00000273fb4cf430
Event: 9.067 Thread 0x00000273dd2b2d80 Thread added: 0x00000273f6d22430
Event: 10.772 Thread 0x00000273dd2b2d80 Thread added: 0x00000273f6b26000
Event: 10.792 Thread 0x00000273dd2b2d80 Thread added: 0x00000273fb379aa0
Event: 12.051 Thread 0x00000273fb379aa0 Thread added: 0x00000273f6a224f0
Event: 12.525 Thread 0x00000273f5bd48e0 Thread added: 0x00000273fb359e10
Event: 12.664 Thread 0x00000273fb359e10 Thread exited: 0x00000273fb359e10
Event: 13.648 Thread 0x00000273fb379aa0 Thread added: 0x00000273fb1587d0
Event: 14.884 Thread 0x00000273f5c4b840 Thread added: 0x00000273fb7fe7b0
Event: 15.000 Thread 0x00000273fb7fe7b0 Thread exited: 0x00000273fb7fe7b0
Event: 15.497 Thread 0x00000273fb379aa0 Thread added: 0x00000273fb551150
Event: 15.636 Thread 0x00000273fb379aa0 Thread added: 0x00000273fb931ef0
Event: 19.339 Thread 0x00000273f5c4b840 Thread added: 0x00000273fce3c910
Event: 19.715 Thread 0x00000273fce3c910 Thread exited: 0x00000273fce3c910
Event: 19.946 Thread 0x00000273fb379aa0 Thread added: 0x00000273fb931860
Event: 26.079 Thread 0x00000273fb931860 Thread exited: 0x00000273fb931860
Event: 26.576 Thread 0x00000273fb379aa0 Thread added: 0x00000273fb9304b0


Dynamic libraries:
0x00007ff700710000 - 0x00007ff70071e000 	c:\Users\USER\.antigravity\extensions\redhat.java-1.50.0-win32-x64\jre\21.0.9-win32-x86_64\bin\java.exe
0x00007ffe98a10000 - 0x00007ffe98c08000 	C:\WINDOWS\SYSTEM32\ntdll.dll
0x00007ffe96e80000 - 0x00007ffe96f42000 	C:\WINDOWS\System32\KERNEL32.DLL
0x00007ffe96330000 - 0x00007ffe96626000 	C:\WINDOWS\System32\KERNELBASE.dll
0x00007ffe96880000 - 0x00007ffe96980000 	C:\WINDOWS\System32\ucrtbase.dll
0x00007ffe7a5b0000 - 0x00007ffe7a5c8000 	c:\Users\USER\.antigravity\extensions\redhat.java-1.50.0-win32-x64\jre\21.0.9-win32-x86_64\bin\jli.dll
0x00007ffe971b0000 - 0x00007ffe97351000 	C:\WINDOWS\System32\USER32.dll
0x00007ffe96300000 - 0x00007ffe96322000 	C:\WINDOWS\System32\win32u.dll
0x00007ffe97180000 - 0x00007ffe971ab000 	C:\WINDOWS\System32\GDI32.dll
0x00007ffe966e0000 - 0x00007ffe967f9000 	C:\WINDOWS\System32\gdi32full.dll
0x00007ffe96070000 - 0x00007ffe9610d000 	C:\WINDOWS\System32\msvcp_win.dll
0x00007ffe7c060000 - 0x00007ffe7c07e000 	c:\Users\USER\.antigravity\extensions\redhat.java-1.50.0-win32-x64\jre\21.0.9-win32-x86_64\bin\VCRUNTIME140.dll
0x00007ffe83130000 - 0x00007ffe833cb000 	C:\WINDOWS\WinSxS\amd64_microsoft.windows.common-controls_6595b64144ccf1df_6.0.19041.6456_none_60b8a6cb71f64256\COMCTL32.dll
0x00007ffe982b0000 - 0x00007ffe9834e000 	C:\WINDOWS\System32\msvcrt.dll
0x00007ffe973c0000 - 0x00007ffe973ef000 	C:\WINDOWS\System32\IMM32.DLL
0x00007ffe8aa30000 - 0x00007ffe8aa3c000 	c:\Users\USER\.antigravity\extensions\redhat.java-1.50.0-win32-x64\jre\21.0.9-win32-x86_64\bin\vcruntime140_1.dll
0x00007ffe6d1a0000 - 0x00007ffe6d22d000 	c:\Users\USER\.antigravity\extensions\redhat.java-1.50.0-win32-x64\jre\21.0.9-win32-x86_64\bin\msvcp140.dll
0x00007ffe3b740000 - 0x00007ffe3c4e0000 	c:\Users\USER\.antigravity\extensions\redhat.java-1.50.0-win32-x64\jre\21.0.9-win32-x86_64\bin\server\jvm.dll
0x00007ffe97970000 - 0x00007ffe97a21000 	C:\WINDOWS\System32\ADVAPI32.dll
0x00007ffe97470000 - 0x00007ffe9750f000 	C:\WINDOWS\System32\sechost.dll
0x00007ffe96d60000 - 0x00007ffe96e80000 	C:\WINDOWS\System32\RPCRT4.dll
0x00007ffe96800000 - 0x00007ffe96827000 	C:\WINDOWS\System32\bcrypt.dll
0x00007ffe973f0000 - 0x00007ffe9745b000 	C:\WINDOWS\System32\WS2_32.dll
0x00007ffe95ed0000 - 0x00007ffe95f1b000 	C:\WINDOWS\SYSTEM32\POWRPROF.dll
0x00007ffe7ffa0000 - 0x00007ffe7ffc7000 	C:\WINDOWS\SYSTEM32\WINMM.dll
0x00007ffe8e480000 - 0x00007ffe8e48a000 	C:\WINDOWS\SYSTEM32\VERSION.dll
0x00007ffe95eb0000 - 0x00007ffe95ec2000 	C:\WINDOWS\SYSTEM32\UMPDC.dll
0x00007ffe94880000 - 0x00007ffe94892000 	C:\WINDOWS\SYSTEM32\kernel.appcore.dll
0x00007ffe8a9b0000 - 0x00007ffe8a9ba000 	c:\Users\USER\.antigravity\extensions\redhat.java-1.50.0-win32-x64\jre\21.0.9-win32-x86_64\bin\jimage.dll
0x00007ffe93dc0000 - 0x00007ffe93fc1000 	C:\WINDOWS\SYSTEM32\DBGHELP.DLL
0x00007ffe73980000 - 0x00007ffe739b4000 	C:\WINDOWS\SYSTEM32\dbgcore.DLL
0x00007ffe96270000 - 0x00007ffe962f2000 	C:\WINDOWS\System32\bcryptPrimitives.dll
0x00007ffe814f0000 - 0x00007ffe814ff000 	c:\Users\USER\.antigravity\extensions\redhat.java-1.50.0-win32-x64\jre\21.0.9-win32-x86_64\bin\instrument.dll
0x00007ffe7a6e0000 - 0x00007ffe7a700000 	c:\Users\USER\.antigravity\extensions\redhat.java-1.50.0-win32-x64\jre\21.0.9-win32-x86_64\bin\java.dll
0x00007ffe97a90000 - 0x00007ffe98200000 	C:\WINDOWS\System32\SHELL32.dll
0x00007ffe940c0000 - 0x00007ffe94865000 	C:\WINDOWS\SYSTEM32\windows.storage.dll
0x00007ffe96a00000 - 0x00007ffe96d54000 	C:\WINDOWS\System32\combase.dll
0x00007ffe959c0000 - 0x00007ffe959eb000 	C:\WINDOWS\SYSTEM32\Wldp.dll
0x00007ffe98460000 - 0x00007ffe9852d000 	C:\WINDOWS\System32\OLEAUT32.dll
0x00007ffe96f50000 - 0x00007ffe96ffd000 	C:\WINDOWS\System32\SHCORE.dll
0x00007ffe97000000 - 0x00007ffe9705b000 	C:\WINDOWS\System32\shlwapi.dll
0x00007ffe95fa0000 - 0x00007ffe95fc4000 	C:\WINDOWS\SYSTEM32\profapi.dll
0x00007ffe7a650000 - 0x00007ffe7a668000 	c:\Users\USER\.antigravity\extensions\redhat.java-1.50.0-win32-x64\jre\21.0.9-win32-x86_64\bin\zip.dll
0x00007ffe828d0000 - 0x00007ffe828e0000 	C:\Users\USER\.antigravity\extensions\redhat.java-1.50.0-win32-x64\jre\21.0.9-win32-x86_64\bin\net.dll
0x00007ffe84d30000 - 0x00007ffe84e3a000 	C:\WINDOWS\SYSTEM32\WINHTTP.dll
0x00007ffe95720000 - 0x00007ffe9578a000 	C:\WINDOWS\system32\mswsock.dll
0x00007ffe78220000 - 0x00007ffe78236000 	C:\Users\USER\.antigravity\extensions\redhat.java-1.50.0-win32-x64\jre\21.0.9-win32-x86_64\bin\nio.dll
0x00007ffe81350000 - 0x00007ffe81360000 	c:\Users\USER\.antigravity\extensions\redhat.java-1.50.0-win32-x64\jre\21.0.9-win32-x86_64\bin\verify.dll
0x00007ffe684b0000 - 0x00007ffe684f4000 	C:\Users\USER\AppData\Roaming\Antigravity\User\globalStorage\redhat.java\1.50.0\config_ss_win\org.eclipse.equinox.launcher\org.eclipse.equinox.launcher.win32.win32.x86_64_1.2.1400.v20250801-0854\eclipse_11916.dll
0x00007ffe97510000 - 0x00007ffe9763b000 	C:\WINDOWS\System32\ole32.dll
0x00007ffe95910000 - 0x00007ffe95928000 	C:\WINDOWS\SYSTEM32\CRYPTSP.dll
0x00007ffe95040000 - 0x00007ffe95078000 	C:\WINDOWS\system32\rsaenh.dll
0x00007ffe95f20000 - 0x00007ffe95f4e000 	C:\WINDOWS\SYSTEM32\USERENV.dll
0x00007ffe95400000 - 0x00007ffe9543b000 	C:\WINDOWS\SYSTEM32\IPHLPAPI.DLL
0x00007ffe97460000 - 0x00007ffe97468000 	C:\WINDOWS\System32\NSI.dll

JVMTI agents:
c:\Users\USER\.antigravity\extensions\redhat.java-1.50.0-win32-x64\lombok\lombok-1.18.39-4050.jar path:c:\Users\USER\.antigravity\extensions\redhat.java-1.50.0-win32-x64\jre\21.0.9-win32-x86_64\bin\instrument.dll, loaded, initialized, instrumentlib options:none

dbghelp: loaded successfully - version: 4.0.5 - missing functions: none
symbol engine: initialized successfully - sym options: 0x614 - pdb path: .;c:\Users\USER\.antigravity\extensions\redhat.java-1.50.0-win32-x64\jre\21.0.9-win32-x86_64\bin;C:\WINDOWS\SYSTEM32;C:\WINDOWS\WinSxS\amd64_microsoft.windows.common-controls_6595b64144ccf1df_6.0.19041.6456_none_60b8a6cb71f64256;c:\Users\USER\.antigravity\extensions\redhat.java-1.50.0-win32-x64\jre\21.0.9-win32-x86_64\bin\server;C:\Users\USER\AppData\Roaming\Antigravity\User\globalStorage\redhat.java\1.50.0\config_ss_win\org.eclipse.equinox.launcher\org.eclipse.equinox.launcher.win32.win32.x86_64_1.2.1400.v20250801-0854

VM Arguments:
jvm_args: --add-modules=ALL-SYSTEM --add-opens=java.base/java.util=ALL-UNNAMED --add-opens=java.base/java.lang=ALL-UNNAMED --add-opens=java.base/sun.nio.fs=ALL-UNNAMED -Declipse.application=org.eclipse.jdt.ls.core.id1 -Dosgi.bundles.defaultStartLevel=4 -Declipse.product=org.eclipse.jdt.ls.core.product -Djava.import.generatesMetadataFilesAtProjectRoot=false -DDetectVMInstallationsJob.disabled=true -Dfile.encoding=utf8 -XX:+UseParallelGC -XX:GCTimeRatio=4 -XX:AdaptiveSizePolicyWeight=90 -Dsun.zip.disableMemoryMapping=true -Xmx2G -Xms100m -Xlog:disable -javaagent:c:\Users\USER\.antigravity\extensions\redhat.java-1.50.0-win32-x64\lombok\lombok-1.18.39-4050.jar 
java_command: c:\Users\USER\.antigravity\extensions\redhat.java-1.50.0-win32-x64\server\plugins\org.eclipse.equinox.launcher_1.7.100.v20251111-0406.jar -configuration c:\Users\USER\AppData\Roaming\Antigravity\User\globalStorage\redhat.java\1.50.0\config_ss_win -data c:\Users\USER\AppData\Roaming\Antigravity\User\workspaceStorage\75bc8b2ea4b8e00e7263c9750317cd44\redhat.java\ss_ws --pipe=\\.\pipe\lsp-91939ec16318f5bee7c464ad9d2f621b-sock
java_class_path (initial): c:\Users\USER\.antigravity\extensions\redhat.java-1.50.0-win32-x64\server\plugins\org.eclipse.equinox.launcher_1.7.100.v20251111-0406.jar
Launcher Type: SUN_STANDARD

[Global flags]
    uintx AdaptiveSizePolicyWeight                 = 90                                        {product} {command line}
     intx CICompilerCount                          = 3                                         {product} {ergonomic}
    uintx GCTimeRatio                              = 4                                         {product} {command line}
   size_t InitialHeapSize                          = 104857600                                 {product} {command line}
   size_t MaxHeapSize                              = 2147483648                                {product} {command line}
   size_t MaxNewSize                               = 715653120                                 {product} {ergonomic}
   size_t MinHeapDeltaBytes                        = 524288                                    {product} {ergonomic}
   size_t MinHeapSize                              = 104857600                                 {product} {command line}
   size_t NewSize                                  = 34603008                                  {product} {ergonomic}
    uintx NonNMethodCodeHeapSize                   = 5832780                                {pd product} {ergonomic}
    uintx NonProfiledCodeHeapSize                  = 122912730                              {pd product} {ergonomic}
   size_t OldSize                                  = 70254592                                  {product} {ergonomic}
    uintx ProfiledCodeHeapSize                     = 122912730                              {pd product} {ergonomic}
    uintx ReservedCodeCacheSize                    = 251658240                              {pd product} {ergonomic}
     bool SegmentedCodeCache                       = true                                      {product} {ergonomic}
   size_t SoftMaxHeapSize                          = 2147483648                             {manageable} {ergonomic}
     bool UseCompressedOops                        = true                           {product lp64_product} {ergonomic}
     bool UseLargePagesIndividualAllocation        = false                                  {pd product} {ergonomic}
     bool UseParallelGC                            = true                                      {product} {command line}

Logging:
Log output configuration:
 #0: stdout all=off uptime,level,tags foldmultilines=false
 #1: stderr all=off uptime,level,tags foldmultilines=false

Release file:
JAVA_VERSION="21.0.9" 
MODULES="java.base java.compiler java.datatransfer java.xml java.prefs java.desktop java.instrument java.logging java.management java.security.sasl java.naming java.rmi java.management.rmi java.net.http java.scripting java.security.jgss java.transaction.xa java.sql java.sql.rowset java.xml.crypto java.se java.smartcardio jdk.accessibility jdk.internal.jvmstat jdk.attach jdk.charsets jdk.internal.opt jdk.zipfs jdk.compiler jdk.crypto.ec jdk.crypto.cryptoki jdk.crypto.mscapi jdk.dynalink jdk.internal.ed jdk.editpad jdk.hotspot.agent jdk.httpserver jdk.internal.le jdk.internal.vm.ci jdk.internal.vm.compiler jdk.internal.vm.compiler.management jdk.jartool jdk.javadoc jdk.jcmd jdk.management jdk.management.agent jdk.jconsole jdk.jdeps jdk.jdwp.agent jdk.jdi jdk.jfr jdk.jshell jdk.jsobject jdk.jstatd jdk.localedata jdk.management.jfr jdk.naming.dns jdk.naming.rmi jdk.net jdk.nio.mapmode jdk.random jdk.sctp jdk.security.auth jdk.security.jgss jdk.unsupported jdk.unsupported.desktop jdk.xml.dom" 

Environment Variables:
JAVA_HOME=C:\Program Files\Eclipse Adoptium\jdk-17.0.16.8-hotspot
PATH=C:\Program Files\Eclipse Adoptium\jdk-17.0.16.8-hotspot\bin;C:\ffmpeg\bin;C:\WINDOWS\system32;C:\WINDOWS;C:\WINDOWS\System32\Wbem;C:\WINDOWS\System32\WindowsPowerShell\v1.0\;C:\WINDOWS\System32\OpenSSH\;C:\Program Files (x86)\dotnet\;C:\Program Files\Microsoft SQL Server\150\Tools\Binn\;C:\Users\USER\AppData\Roaming\Microsoft\Windows\Start Menu\Programs\Anaconda3 (64-bit);C:\Program Files\Git\cmd;C:\Program Files\Pandoc\;C:\Program Files\GTK3-Runtime Win64\bin;C:\Users\USER\AppData\Local\Pub\Cache\bin;%NVM_HOME%;%NVM_SYMLINK%;C:\Program Files\Eclipse Adoptium\jdk-17.0.16.8-hotspot\bin;C:\ffmpeg\bin;C:\WINDOWS\system32;C:\WINDOWS;C:\WINDOWS\System32\Wbem;C:\WINDOWS\System32\WindowsPowerShell\v1.0\;C:\WINDOWS\System32\OpenSSH\;C:\Program Files (x86)\dotnet\;C:\Program Files\Microsoft SQL Server\150\Tools\Binn\;C:\Users\USER\AppData\Roaming\Microsoft\Windows\Start Menu\Programs\Anaconda3 (64-bit);C:\Program Files\Git\cmd;C:\Program Files\Pandoc\;C:\Program Files\GTK3-Runtime Win64\bin;C:\Users\USER\AppData\Local\Pub\Cache\bin;C:\Users\USER\AppData\Local\Programs\Python\Python312\Scripts\;C:\Users\USER\AppData\Local\Programs\Python\Python312\;C:\Users\USER\AppData\Local\Microsoft\WindowsApps;C:\Users\USER\AppData\Local\Programs\Microsoft VS Code\bin;C:\Users\USER\AppData\Roaming\npm;C:\Users\USER\flutter\bin;C:\Users\USER\AppData\Local\Android\Sdk\platform-tools;C:\Program Files\Eclipse Adoptium\jdk-17.0.16.8-hotspot\bin;C:\Users\USER\AppData\Local\Google\Cloud SDK\google-cloud-sdk\bin;C:\Users\USER\AppData\Local\Programs\Antigravity\bin;C:\Users\USER\AppData\Local\nvm;C:\nvm4w\nodejs
USERNAME=USER
OS=Windows_NT
PROCESSOR_IDENTIFIER=Intel64 Family 6 Model 142 Stepping 9, GenuineIntel
TMP=C:\Users\USER\AppData\Local\Temp
TEMP=C:\Users\USER\AppData\Local\Temp




Periodic native trim disabled

---------------  S Y S T E M  ---------------

OS:
 Windows 10 , 64 bit Build 19041 (10.0.19041.5915)
OS uptime: 21 days 1:18 hours

CPU: total 4 (initial active 4) (2 cores per cpu, 2 threads per core) family 6 model 142 stepping 9 microcode 0xb4, cx8, cmov, fxsr, ht, mmx, 3dnowpref, sse, sse2, sse3, ssse3, sse4.1, sse4.2, popcnt, lzcnt, tsc, tscinvbit, avx, avx2, aes, erms, clmul, bmi1, bmi2, adx, fma, vzeroupper, clflush, clflushopt, rdtscp, f16c
Processor Information for processor 0
  Max Mhz: 2300, Current Mhz: 2300, Mhz Limit: 2300
Processor Information for processor 1
  Max Mhz: 2300, Current Mhz: 2300, Mhz Limit: 2300
Processor Information for processor 2
  Max Mhz: 2300, Current Mhz: 2300, Mhz Limit: 2300
Processor Information for processor 3
  Max Mhz: 2300, Current Mhz: 1500, Mhz Limit: 2300

Memory: 4k page, system-wide physical 12204M (418M free)
TotalPageFile size 37204M (AvailPageFile size 2M)
current process WorkingSet (physical memory assigned to process): 131M, peak: 148M
current process commit charge ("private bytes"): 255M, peak: 271M

vm_info: OpenJDK 64-Bit Server VM (21.0.9+10-LTS) for windows-amd64 JRE (21.0.9+10-LTS), built on 2025-10-21T00:00:00Z by "admin" with unknown MS VC++:1942

END.
